// Jest Snapshot v1, https://goo.gl/fbAQLP

exports[`***App running status*** renders without crushing 1`] = `
Object {
  "asFragment": [Function],
  "baseElement": <body>
    <div>
      <div
        class="App"
        data-testid="app"
      >
        <div
          class="ui container"
        >
          <div
            class="Container"
          >
            <form
              class="ui form Form"
            >
              <h2
                class="ui header"
              >
                Login
              </h2>
              <br />
              
              <div
                class="field InputField"
              >
                <div
                  class="required field"
                >
                  <div
                    class="ui left icon input"
                  >
                    <i
                      aria-hidden="true"
                      class="at icon"
                    />
                    <input
                      name="email"
                      placeholder="Username or Email"
                      required=""
                      type="email"
                    />
                  </div>
                </div>
              </div>
              <div
                class="field InputField"
              >
                <div
                  class="required field"
                >
                  <div
                    class="ui left icon input"
                  >
                    <i
                      aria-hidden="true"
                      class="key icon"
                    />
                    <input
                      name="password"
                      placeholder="Password"
                      required=""
                      type="password"
                    />
                  </div>
                </div>
              </div>
              <div
                class="field Button"
              >
                <button
                  class="ui positive disabled button"
                  disabled=""
                  tabindex="-1"
                  type="submit"
                >
                  LOGIN
                </button>
              </div>
              <label>
                Don't have an account?
                <a
                  href="#/signup"
                >
                  Signup
                </a>
              </label>
            </form>
          </div>
        </div>
      </div>
    </div>
  </body>,
  "container": <div>
    <div
      class="App"
      data-testid="app"
    >
      <div
        class="ui container"
      >
        <div
          class="Container"
        >
          <form
            class="ui form Form"
          >
            <h2
              class="ui header"
            >
              Login
            </h2>
            <br />
            
            <div
              class="field InputField"
            >
              <div
                class="required field"
              >
                <div
                  class="ui left icon input"
                >
                  <i
                    aria-hidden="true"
                    class="at icon"
                  />
                  <input
                    name="email"
                    placeholder="Username or Email"
                    required=""
                    type="email"
                  />
                </div>
              </div>
            </div>
            <div
              class="field InputField"
            >
              <div
                class="required field"
              >
                <div
                  class="ui left icon input"
                >
                  <i
                    aria-hidden="true"
                    class="key icon"
                  />
                  <input
                    name="password"
                    placeholder="Password"
                    required=""
                    type="password"
                  />
                </div>
              </div>
            </div>
            <div
              class="field Button"
            >
              <button
                class="ui positive disabled button"
                disabled=""
                tabindex="-1"
                type="submit"
              >
                LOGIN
              </button>
            </div>
            <label>
              Don't have an account?
              <a
                href="#/signup"
              >
                Signup
              </a>
            </label>
          </form>
        </div>
      </div>
    </div>
  </div>,
  "debug": [Function],
  "findAllByAltText": [Function],
  "findAllByDisplayValue": [Function],
  "findAllByLabelText": [Function],
  "findAllByPlaceholderText": [Function],
  "findAllByRole": [Function],
  "findAllByTestId": [Function],
  "findAllByText": [Function],
  "findAllByTitle": [Function],
  "findByAltText": [Function],
  "findByDisplayValue": [Function],
  "findByLabelText": [Function],
  "findByPlaceholderText": [Function],
  "findByRole": [Function],
  "findByTestId": [Function],
  "findByText": [Function],
  "findByTitle": [Function],
  "getAllByAltText": [Function],
  "getAllByDisplayValue": [Function],
  "getAllByLabelText": [Function],
  "getAllByPlaceholderText": [Function],
  "getAllByRole": [Function],
  "getAllByTestId": [Function],
  "getAllByText": [Function],
  "getAllByTitle": [Function],
  "getByAltText": [Function],
  "getByDisplayValue": [Function],
  "getByLabelText": [Function],
  "getByPlaceholderText": [Function],
  "getByRole": [Function],
  "getByTestId": [Function],
  "getByText": [Function],
  "getByTitle": [Function],
  "queryAllByAltText": [Function],
  "queryAllByDisplayValue": [Function],
  "queryAllByLabelText": [Function],
  "queryAllByPlaceholderText": [Function],
  "queryAllByRole": [Function],
  "queryAllByTestId": [Function],
  "queryAllByText": [Function],
  "queryAllByTitle": [Function],
  "queryByAltText": [Function],
  "queryByDisplayValue": [Function],
  "queryByLabelText": [Function],
  "queryByPlaceholderText": [Function],
  "queryByRole": [Function],
  "queryByTestId": [Function],
  "queryByText": [Function],
  "queryByTitle": [Function],
  "rerender": [Function],
  "unmount": [Function],
}
`;
