// Jest Snapshot v1, https://goo.gl/fbAQLP

exports[`***Home Page running status*** -Run without context 1`] = `
Object {
  "asFragment": [Function],
  "baseElement": <body>
    <div>
      <div
        class="Container"
      >
        <div
          class="Container"
        >
          <div
            class="ui fluid icon input"
          >
            <input
              id="search"
              placeholder="Search..."
              type="text"
            />
            <i
              aria-hidden="true"
              class="search icon"
            />
          </div>
          <div
            class="Labels"
          >
            <a
              class="ui large label Label"
            >
              Sunset
            </a>
            <a
              class="ui large label Label"
            >
              Mountain
            </a>
            <a
              class="ui large label Label"
            >
              Bike
            </a>
            <a
              class="ui large label Label"
            >
              Cat
            </a>
            <a
              class="ui large label Label"
            >
              Bird
            </a>
          </div>
        </div>
        <div>
          <div />
        </div>
      </div>
    </div>
  </body>,
  "container": <div>
    <div
      class="Container"
    >
      <div
        class="Container"
      >
        <div
          class="ui fluid icon input"
        >
          <input
            id="search"
            placeholder="Search..."
            type="text"
          />
          <i
            aria-hidden="true"
            class="search icon"
          />
        </div>
        <div
          class="Labels"
        >
          <a
            class="ui large label Label"
          >
            Sunset
          </a>
          <a
            class="ui large label Label"
          >
            Mountain
          </a>
          <a
            class="ui large label Label"
          >
            Bike
          </a>
          <a
            class="ui large label Label"
          >
            Cat
          </a>
          <a
            class="ui large label Label"
          >
            Bird
          </a>
        </div>
      </div>
      <div>
        <div />
      </div>
    </div>
  </div>,
  "debug": [Function],
  "findAllByAltText": [Function],
  "findAllByDisplayValue": [Function],
  "findAllByLabelText": [Function],
  "findAllByPlaceholderText": [Function],
  "findAllByRole": [Function],
  "findAllByTestId": [Function],
  "findAllByText": [Function],
  "findAllByTitle": [Function],
  "findByAltText": [Function],
  "findByDisplayValue": [Function],
  "findByLabelText": [Function],
  "findByPlaceholderText": [Function],
  "findByRole": [Function],
  "findByTestId": [Function],
  "findByText": [Function],
  "findByTitle": [Function],
  "getAllByAltText": [Function],
  "getAllByDisplayValue": [Function],
  "getAllByLabelText": [Function],
  "getAllByPlaceholderText": [Function],
  "getAllByRole": [Function],
  "getAllByTestId": [Function],
  "getAllByText": [Function],
  "getAllByTitle": [Function],
  "getByAltText": [Function],
  "getByDisplayValue": [Function],
  "getByLabelText": [Function],
  "getByPlaceholderText": [Function],
  "getByRole": [Function],
  "getByTestId": [Function],
  "getByText": [Function],
  "getByTitle": [Function],
  "queryAllByAltText": [Function],
  "queryAllByDisplayValue": [Function],
  "queryAllByLabelText": [Function],
  "queryAllByPlaceholderText": [Function],
  "queryAllByRole": [Function],
  "queryAllByTestId": [Function],
  "queryAllByText": [Function],
  "queryAllByTitle": [Function],
  "queryByAltText": [Function],
  "queryByDisplayValue": [Function],
  "queryByLabelText": [Function],
  "queryByPlaceholderText": [Function],
  "queryByRole": [Function],
  "queryByTestId": [Function],
  "queryByText": [Function],
  "queryByTitle": [Function],
  "rerender": [Function],
  "unmount": [Function],
}
`;

exports[`***Home Page running status*** renders without crushing 1`] = `
Object {
  "asFragment": [Function],
  "baseElement": <body>
    <div>
      <div
        class="Container"
      >
        <div
          class="Container"
        >
          <div
            class="ui fluid icon input"
          >
            <input
              id="search"
              placeholder="Search..."
              type="text"
            />
            <i
              aria-hidden="true"
              class="search icon"
            />
          </div>
          <div
            class="Labels"
          >
            <a
              class="ui large label Label"
            >
              Sunset
            </a>
            <a
              class="ui large label Label"
            >
              Mountain
            </a>
            <a
              class="ui large label Label"
            >
              Bike
            </a>
            <a
              class="ui large label Label"
            >
              Cat
            </a>
            <a
              class="ui large label Label"
            >
              Bird
            </a>
          </div>
        </div>
        <div>
          <div />
        </div>
      </div>
    </div>
  </body>,
  "container": <div>
    <div
      class="Container"
    >
      <div
        class="Container"
      >
        <div
          class="ui fluid icon input"
        >
          <input
            id="search"
            placeholder="Search..."
            type="text"
          />
          <i
            aria-hidden="true"
            class="search icon"
          />
        </div>
        <div
          class="Labels"
        >
          <a
            class="ui large label Label"
          >
            Sunset
          </a>
          <a
            class="ui large label Label"
          >
            Mountain
          </a>
          <a
            class="ui large label Label"
          >
            Bike
          </a>
          <a
            class="ui large label Label"
          >
            Cat
          </a>
          <a
            class="ui large label Label"
          >
            Bird
          </a>
        </div>
      </div>
      <div>
        <div />
      </div>
    </div>
  </div>,
  "debug": [Function],
  "findAllByAltText": [Function],
  "findAllByDisplayValue": [Function],
  "findAllByLabelText": [Function],
  "findAllByPlaceholderText": [Function],
  "findAllByRole": [Function],
  "findAllByTestId": [Function],
  "findAllByText": [Function],
  "findAllByTitle": [Function],
  "findByAltText": [Function],
  "findByDisplayValue": [Function],
  "findByLabelText": [Function],
  "findByPlaceholderText": [Function],
  "findByRole": [Function],
  "findByTestId": [Function],
  "findByText": [Function],
  "findByTitle": [Function],
  "getAllByAltText": [Function],
  "getAllByDisplayValue": [Function],
  "getAllByLabelText": [Function],
  "getAllByPlaceholderText": [Function],
  "getAllByRole": [Function],
  "getAllByTestId": [Function],
  "getAllByText": [Function],
  "getAllByTitle": [Function],
  "getByAltText": [Function],
  "getByDisplayValue": [Function],
  "getByLabelText": [Function],
  "getByPlaceholderText": [Function],
  "getByRole": [Function],
  "getByTestId": [Function],
  "getByText": [Function],
  "getByTitle": [Function],
  "queryAllByAltText": [Function],
  "queryAllByDisplayValue": [Function],
  "queryAllByLabelText": [Function],
  "queryAllByPlaceholderText": [Function],
  "queryAllByRole": [Function],
  "queryAllByTestId": [Function],
  "queryAllByText": [Function],
  "queryAllByTitle": [Function],
  "queryByAltText": [Function],
  "queryByDisplayValue": [Function],
  "queryByLabelText": [Function],
  "queryByPlaceholderText": [Function],
  "queryByRole": [Function],
  "queryByTestId": [Function],
  "queryByText": [Function],
  "queryByTitle": [Function],
  "rerender": [Function],
  "unmount": [Function],
}
`;
